Step:          0 Energy: -565.423051
Step:        100 Energy: -547.464320
Step:        200 Energy: -536.357814
Step:        300 Energy: -522.053864
Step:        400 Energy: -508.429481
Step:        500 Energy: -496.873065
Step:        600 Energy: -489.350026
Step:        700 Energy: -471.535244
Step:        800 Energy: -458.939076
Step:        900 Energy: -450.808578
Step:       1000 Energy: -445.042111
Step:       1100 Energy: -438.134505
Step:       1200 Energy: -432.899268
Step:       1300 Energy: -424.162747
Step:       1400 Energy: -421.379297
Step:       1500 Energy: -414.837684
Step:       1600 Energy: -412.081789
Step:       1700 Energy: -400.507860
Step:       1800 Energy: -396.940854
Step:       1900 Energy: -396.650248
Step:       2000 Energy: -390.859549
Step:       2100 Energy: -387.653331
Step:       2200 Energy: -388.385866
Step:       2300 Energy: -384.156288
Step:       2400 Energy: -376.562946
Step:       2500 Energy: -372.285720
Step:       2600 Energy: -368.330783
Step:       2700 Energy: -365.051807
Step:       2800 Energy: -361.505401
Step:       2900 Energy: -360.044861
Step:       3000 Energy: -361.405300
Step:       3100 Energy: -360.802436
Step:       3200 Energy: -365.346644
Step:       3300 Energy: -358.699014
Step:       3400 Energy: -362.903400
Step:       3500 Energy: -361.204907
Step:       3600 Energy: -353.702727
Step:       3700 Energy: -350.180342
Step:       3800 Energy: -355.078525
Step:       3900 Energy: -353.816026
Step:       4000 Energy: -354.062197
Step:       4100 Energy: -356.874804
Step:       4200 Energy: -352.843101
Step:       4300 Energy: -350.052458
Step:       4400 Energy: -346.735012
Step:       4500 Energy: -352.259455
Step:       4600 Energy: -346.426412
Step:       4700 Energy: -342.425024
Step:       4800 Energy: -346.046228
Step:       4900 Energy: -344.145902
Step:       5000 Energy: -344.034103
Step:       5100 Energy: -350.909309
Step:       5200 Energy: -348.485189
Step:       5300 Energy: -350.160156
Step:       5400 Energy: -350.581355
Step:       5500 Energy: -351.188741
Step:       5600 Energy: -344.400933
Step:       5700 Energy: -347.886259
Step:       5800 Energy: -348.175817
Step:       5900 Energy: -352.086594
Step:       6000 Energy: -345.871815
Step:       6100 Energy: -346.845507
Step:       6200 Energy: -350.388744
Step:       6300 Energy: -350.277002
Step:       6400 Energy: -350.672092
Step:       6500 Energy: -349.468880
Step:       6600 Energy: -355.000606
Step:       6700 Energy: -358.783904
Step:       6800 Energy: -354.895609
Step:       6900 Energy: -353.586800
Step:       7000 Energy: -357.367700
Step:       7100 Energy: -356.110352
Step:       7200 Energy: -357.876368
Step:       7300 Energy: -357.419578
Step:       7400 Energy: -353.756855
Step:       7500 Energy: -361.207045
Step:       7600 Energy: -358.167601
Step:       7700 Energy: -358.303146
Step:       7800 Energy: -366.506254
Step:       7900 Energy: -367.502178
Step:       8000 Energy: -369.545379
Step:       8100 Energy: -369.849756
Step:       8200 Energy: -368.752801
Step:       8300 Energy: -360.401989
Step:       8400 Energy: -359.901664
Step:       8500 Energy: -362.555390
Step:       8600 Energy: -358.399279
Step:       8700 Energy: -356.791212
Step:       8800 Energy: -358.541754
Step:       8900 Energy: -361.268208
Step:       9000 Energy: -365.896891
Step:       9100 Energy: -362.589324
Step:       9200 Energy: -363.625564
Step:       9300 Energy: -366.283208
Step:       9400 Energy: -363.276443
Step:       9500 Energy: -361.949209
Step:       9600 Energy: -360.005493
Step:       9700 Energy: -362.689505
Step:       9800 Energy: -363.268495
Step:       9900 Energy: -368.718659
